2025/12/30 03:18:23 Barn MOO Server
2025/12/30 03:18:23 Database: Test.db
2025/12/30 03:18:23 Port: 7777
2025/12/30 03:18:23 Loaded database version 4 with 8 objects
2025/12/30 03:18:23 Starting server on port 7777...
2025/12/30 03:18:23 Listening on port 7777
2025/12/30 03:18:35 New connection from 127.0.0.1:55903 (ID: 2)
2025/12/30 03:18:35 Switched connection 2 from player -2 to 8
2025/12/30 03:18:35 Connection 2 already logged in as player 8 via switch_player
2025/12/30 03:18:35 user_connected error: E_VERBNF
2025/12/30 03:18:35 Connection 2 read error: EOF
2025/12/30 03:18:35 user_disconnected error: E_VERBNF
2025/12/30 03:18:35 Traceback for player %!s(types.ObjID=8) (connection not found):
2025/12/30 03:18:35   #8 <- #0:user_disconnected (this == #0), line 1:  Verb not found
2025/12/30 03:18:35   #8 <- (End of traceback)
2025/12/30 03:18:35 Connection 2 closed
2025/12/30 03:18:35 New connection from 127.0.0.1:55904 (ID: 3)
2025/12/30 03:18:35 Switched connection 3 from player -3 to 9
2025/12/30 03:18:35 Connection 3 already logged in as player 9 via switch_player
2025/12/30 03:18:35 user_connected error: E_VERBNF
2025/12/30 03:18:35 Connection 3 read error: EOF
2025/12/30 03:18:35 user_disconnected error: E_VERBNF
2025/12/30 03:18:35 Traceback for player %!s(types.ObjID=9) (connection not found):
2025/12/30 03:18:35   #9 <- #0:user_disconnected (this == #0), line 1:  Verb not found
2025/12/30 03:18:35   #9 <- (End of traceback)
2025/12/30 03:18:35 Connection 3 closed
2025/12/30 03:18:35 New connection from 127.0.0.1:55905 (ID: 4)
2025/12/30 03:18:35 Switched connection 4 from player -4 to 10
2025/12/30 03:18:35 Connection 4 already logged in as player 10 via switch_player
2025/12/30 03:18:35 user_connected error: E_VERBNF
2025/12/30 03:18:35 Connection 4 read error: EOF
2025/12/30 03:18:35 user_disconnected error: E_VERBNF
2025/12/30 03:18:35 Traceback for player %!s(types.ObjID=10) (connection not found):
2025/12/30 03:18:35   #10 <- #0:user_disconnected (this == #0), line 1:  Verb not found
2025/12/30 03:18:35   #10 <- (End of traceback)
2025/12/30 03:18:35 Connection 4 closed
2025/12/30 03:18:35 New connection from 127.0.0.1:55906 (ID: 5)
2025/12/30 03:18:35 Switched connection 5 from player -5 to 11
2025/12/30 03:18:35 Connection 5 already logged in as player 11 via switch_player
2025/12/30 03:18:35 user_connected error: E_VERBNF
2025/12/30 03:18:36 Connection 5 read error: EOF
2025/12/30 03:18:36 user_disconnected error: E_VERBNF
2025/12/30 03:18:36 Traceback for player %!s(types.ObjID=11) (connection not found):
2025/12/30 03:18:36   #11 <- #0:user_disconnected (this == #0), line 1:  Verb not found
2025/12/30 03:18:36   #11 <- (End of traceback)
2025/12/30 03:18:36 Connection 5 closed
2025/12/30 03:18:36 New connection from 127.0.0.1:55907 (ID: 6)
2025/12/30 03:18:36 Switched connection 6 from player -6 to 12
2025/12/30 03:18:36 Connection 6 already logged in as player 12 via switch_player
2025/12/30 03:18:36 user_connected error: E_VERBNF
2025/12/30 03:18:36 Connection 6 read error: EOF
2025/12/30 03:18:36 user_disconnected error: E_VERBNF
2025/12/30 03:18:36 Traceback for player %!s(types.ObjID=12) (connection not found):
2025/12/30 03:18:36   #12 <- #0:user_disconnected (this == #0), line 1:  Verb not found
2025/12/30 03:18:36   #12 <- (End of traceback)
2025/12/30 03:18:36 Connection 6 closed
2025/12/30 03:18:36 New connection from 127.0.0.1:55908 (ID: 7)
2025/12/30 03:18:36 Switched connection 7 from player -7 to 13
2025/12/30 03:18:36 Connection 7 already logged in as player 13 via switch_player
2025/12/30 03:18:36 user_connected error: E_VERBNF
2025/12/30 03:18:36 Connection 7 read error: EOF
2025/12/30 03:18:36 user_disconnected error: E_VERBNF
2025/12/30 03:18:36 Traceback for player %!s(types.ObjID=13) (connection not found):
2025/12/30 03:18:36   #13 <- #0:user_disconnected (this == #0), line 1:  Verb not found
2025/12/30 03:18:36   #13 <- (End of traceback)
2025/12/30 03:18:36 Connection 7 closed
2025/12/30 03:18:36 New connection from 127.0.0.1:55909 (ID: 8)
2025/12/30 03:18:36 Switched connection 8 from player -8 to 15
2025/12/30 03:18:36 Connection 8 already logged in as player 15 via switch_player
2025/12/30 03:18:36 user_connected error: E_VERBNF
2025/12/30 03:18:36 Connection 8 read error: EOF
2025/12/30 03:18:36 user_disconnected error: E_VERBNF
2025/12/30 03:18:36 Traceback for player %!s(types.ObjID=15) (connection not found):
2025/12/30 03:18:36   #15 <- #0:user_disconnected (this == #0), line 1:  Verb not found
2025/12/30 03:18:36   #15 <- (End of traceback)
2025/12/30 03:18:36 Connection 8 closed
2025/12/30 03:18:36 New connection from 127.0.0.1:55910 (ID: 9)
2025/12/30 03:18:36 Switched connection 9 from player -9 to 16
2025/12/30 03:18:36 Connection 9 already logged in as player 16 via switch_player
2025/12/30 03:18:36 user_connected error: E_VERBNF
2025/12/30 03:18:36 Connection 9 read error: EOF
2025/12/30 03:18:36 user_disconnected error: E_VERBNF
2025/12/30 03:18:36 Traceback for player %!s(types.ObjID=16) (connection not found):
2025/12/30 03:18:36   #16 <- #0:user_disconnected (this == #0), line 1:  Verb not found
2025/12/30 03:18:36   #16 <- (End of traceback)
2025/12/30 03:18:36 Connection 9 closed
2025/12/30 03:18:36 New connection from 127.0.0.1:55911 (ID: 10)
2025/12/30 03:18:36 Switched connection 10 from player -10 to 17
2025/12/30 03:18:36 Connection 10 already logged in as player 17 via switch_player
2025/12/30 03:18:36 user_connected error: E_VERBNF
2025/12/30 03:18:36 Connection 10 read error: EOF
2025/12/30 03:18:36 user_disconnected error: E_VERBNF
2025/12/30 03:18:36 Traceback for player %!s(types.ObjID=17) (connection not found):
2025/12/30 03:18:36   #17 <- #0:user_disconnected (this == #0), line 1:  Verb not found
2025/12/30 03:18:36   #17 <- (End of traceback)
2025/12/30 03:18:36 Connection 10 closed
2025/12/30 03:19:07 New connection from 127.0.0.1:8966 (ID: 11)
2025/12/30 03:19:07 Switched connection 11 from player -11 to 18
2025/12/30 03:19:07 Connection 11 already logged in as player 18 via switch_player
2025/12/30 03:19:07 user_connected error: E_VERBNF
2025/12/30 03:19:07 Connection 11 read error: EOF
2025/12/30 03:19:07 user_disconnected error: E_VERBNF
2025/12/30 03:19:07 Traceback for player %!s(types.ObjID=18) (connection not found):
2025/12/30 03:19:07   #18 <- #0:user_disconnected (this == #0), line 1:  Verb not found
2025/12/30 03:19:07   #18 <- (End of traceback)
2025/12/30 03:19:07 Connection 11 closed
2025/12/30 03:20:03 New connection from 127.0.0.1:14929 (ID: 12)
2025/12/30 03:20:03 Switched connection 12 from player -12 to 20
2025/12/30 03:20:03 Connection 12 already logged in as player 20 via switch_player
2025/12/30 03:20:03 user_connected error: E_VERBNF
2025/12/30 03:20:03 Connection 12 read error: EOF
2025/12/30 03:20:03 user_disconnected error: E_VERBNF
2025/12/30 03:20:03 Traceback for player %!s(types.ObjID=20) (connection not found):
2025/12/30 03:20:03   #20 <- #0:user_disconnected (this == #0), line 1:  Verb not found
2025/12/30 03:20:03   #20 <- (End of traceback)
2025/12/30 03:20:03 Connection 12 closed
2025/12/30 03:20:06 New connection from 127.0.0.1:35485 (ID: 13)
2025/12/30 03:20:06 Switched connection 13 from player -13 to 21
2025/12/30 03:20:06 Connection 13 already logged in as player 21 via switch_player
2025/12/30 03:20:06 user_connected error: E_VERBNF
2025/12/30 03:20:06 Connection 13 read error: EOF
2025/12/30 03:20:06 user_disconnected error: E_VERBNF
2025/12/30 03:20:06 Traceback for player %!s(types.ObjID=21) (connection not found):
2025/12/30 03:20:06   #21 <- #0:user_disconnected (this == #0), line 1:  Verb not found
2025/12/30 03:20:06   #21 <- (End of traceback)
2025/12/30 03:20:06 Connection 13 closed
2025/12/30 03:20:59 New connection from 127.0.0.1:11915 (ID: 14)
2025/12/30 03:20:59 Switched connection 14 from player -14 to 23
2025/12/30 03:20:59 Connection 14 already logged in as player 23 via switch_player
2025/12/30 03:20:59 user_connected error: E_VERBNF
2025/12/30 03:20:59 Connection 14 read error: EOF
2025/12/30 03:20:59 user_disconnected error: E_VERBNF
2025/12/30 03:20:59 Traceback for player %!s(types.ObjID=23) (connection not found):
2025/12/30 03:20:59   #23 <- #0:user_disconnected (this == #0), line 1:  Verb not found
2025/12/30 03:20:59   #23 <- (End of traceback)
2025/12/30 03:20:59 Connection 14 closed
2025/12/30 03:20:59 New connection from 127.0.0.1:11916 (ID: 15)
2025/12/30 03:20:59 Switched connection 15 from player -15 to 24
2025/12/30 03:20:59 Connection 15 already logged in as player 24 via switch_player
2025/12/30 03:20:59 user_connected error: E_VERBNF
2025/12/30 03:20:59 Connection 15 read error: EOF
2025/12/30 03:20:59 user_disconnected error: E_VERBNF
2025/12/30 03:20:59 Traceback for player %!s(types.ObjID=24) (connection not found):
2025/12/30 03:20:59   #24 <- #0:user_disconnected (this == #0), line 1:  Verb not found
2025/12/30 03:20:59   #24 <- (End of traceback)
2025/12/30 03:20:59 Connection 15 closed
2025/12/30 03:20:59 New connection from 127.0.0.1:11917 (ID: 16)
2025/12/30 03:20:59 Switched connection 16 from player -16 to 26
2025/12/30 03:20:59 Connection 16 already logged in as player 26 via switch_player
2025/12/30 03:20:59 user_connected error: E_VERBNF
2025/12/30 03:20:59 Connection 16 read error: EOF
2025/12/30 03:20:59 user_disconnected error: E_VERBNF
2025/12/30 03:20:59 Traceback for player %!s(types.ObjID=26) (connection not found):
2025/12/30 03:20:59   #26 <- #0:user_disconnected (this == #0), line 1:  Verb not found
2025/12/30 03:20:59   #26 <- (End of traceback)
2025/12/30 03:20:59 Connection 16 closed
2025/12/30 03:21:51 New connection from 127.0.0.1:26819 (ID: 17)
2025/12/30 03:21:51 Switched connection 17 from player -17 to 28
2025/12/30 03:21:51 Connection 17 already logged in as player 28 via switch_player
2025/12/30 03:21:51 user_connected error: E_VERBNF
2025/12/30 03:21:51 Connection 17 read error: EOF
2025/12/30 03:21:51 user_disconnected error: E_VERBNF
2025/12/30 03:21:51 Traceback for player %!s(types.ObjID=28) (connection not found):
2025/12/30 03:21:51   #28 <- #0:user_disconnected (this == #0), line 1:  Verb not found
2025/12/30 03:21:51   #28 <- (End of traceback)
2025/12/30 03:21:51 Connection 17 closed
2025/12/30 03:21:53 New connection from 127.0.0.1:26822 (ID: 18)
2025/12/30 03:21:53 Switched connection 18 from player -18 to 35
2025/12/30 03:21:53 Connection 18 already logged in as player 35 via switch_player
2025/12/30 03:21:53 user_connected error: E_VERBNF
2025/12/30 03:21:53 Connection 18 read error: EOF
2025/12/30 03:21:53 user_disconnected error: E_VERBNF
2025/12/30 03:21:53 Traceback for player %!s(types.ObjID=35) (connection not found):
2025/12/30 03:21:53   #35 <- #0:user_disconnected (this == #0), line 1:  Verb not found
2025/12/30 03:21:53   #35 <- (End of traceback)
2025/12/30 03:21:53 Connection 18 closed
2025/12/30 03:21:53 New connection from 127.0.0.1:3571 (ID: 19)
2025/12/30 03:21:53 Switched connection 19 from player -19 to 36
2025/12/30 03:21:53 Connection 19 already logged in as player 36 via switch_player
2025/12/30 03:21:53 user_connected error: E_VERBNF
2025/12/30 03:21:53 Connection 19 read error: EOF
2025/12/30 03:21:53 user_disconnected error: E_VERBNF
2025/12/30 03:21:53 Traceback for player %!s(types.ObjID=36) (connection not found):
2025/12/30 03:21:53   #36 <- #0:user_disconnected (this == #0), line 1:  Verb not found
2025/12/30 03:21:53   #36 <- (End of traceback)
2025/12/30 03:21:53 Connection 19 closed
2025/12/30 03:21:53 New connection from 127.0.0.1:3572 (ID: 20)
2025/12/30 03:21:53 Switched connection 20 from player -20 to 37
2025/12/30 03:21:53 Connection 20 already logged in as player 37 via switch_player
2025/12/30 03:21:53 user_connected error: E_VERBNF
2025/12/30 03:21:53 Connection 20 read error: EOF
2025/12/30 03:21:53 user_disconnected error: E_VERBNF
2025/12/30 03:21:53 Traceback for player %!s(types.ObjID=37) (connection not found):
2025/12/30 03:21:53   #37 <- #0:user_disconnected (this == #0), line 1:  Verb not found
2025/12/30 03:21:53   #37 <- (End of traceback)
2025/12/30 03:21:53 Connection 20 closed
2025/12/30 03:21:53 New connection from 127.0.0.1:3573 (ID: 21)
2025/12/30 03:21:53 Switched connection 21 from player -21 to 38
2025/12/30 03:21:53 Connection 21 already logged in as player 38 via switch_player
2025/12/30 03:21:53 user_connected error: E_VERBNF
2025/12/30 03:21:53 Connection 21 read error: EOF
2025/12/30 03:21:53 user_disconnected error: E_VERBNF
2025/12/30 03:21:53 Traceback for player %!s(types.ObjID=38) (connection not found):
2025/12/30 03:21:53   #38 <- #0:user_disconnected (this == #0), line 1:  Verb not found
2025/12/30 03:21:53   #38 <- (End of traceback)
2025/12/30 03:21:53 Connection 21 closed
2025/12/30 03:21:53 New connection from 127.0.0.1:3574 (ID: 22)
2025/12/30 03:21:53 Switched connection 22 from player -22 to 39
2025/12/30 03:21:53 Connection 22 already logged in as player 39 via switch_player
2025/12/30 03:21:53 user_connected error: E_VERBNF
2025/12/30 03:21:53 Connection 22 read error: EOF
2025/12/30 03:21:53 user_disconnected error: E_VERBNF
2025/12/30 03:21:53 Traceback for player %!s(types.ObjID=39) (connection not found):
2025/12/30 03:21:53   #39 <- #0:user_disconnected (this == #0), line 1:  Verb not found
2025/12/30 03:21:53   #39 <- (End of traceback)
2025/12/30 03:21:53 Connection 22 closed
2025/12/30 03:21:53 New connection from 127.0.0.1:3575 (ID: 23)
2025/12/30 03:21:53 Switched connection 23 from player -23 to 40
2025/12/30 03:21:53 Connection 23 already logged in as player 40 via switch_player
2025/12/30 03:21:53 user_connected error: E_VERBNF
2025/12/30 03:21:53 Connection 23 read error: EOF
2025/12/30 03:21:53 user_disconnected error: E_VERBNF
2025/12/30 03:21:53 Traceback for player %!s(types.ObjID=40) (connection not found):
2025/12/30 03:21:53   #40 <- #0:user_disconnected (this == #0), line 1:  Verb not found
2025/12/30 03:21:53   #40 <- (End of traceback)
2025/12/30 03:21:53 Connection 23 closed
2025/12/30 03:22:15 New connection from 127.0.0.1:29218 (ID: 24)
2025/12/30 03:22:15 Switched connection 24 from player -24 to 41
2025/12/30 03:22:15 Connection 24 already logged in as player 41 via switch_player
2025/12/30 03:22:15 user_connected error: E_VERBNF
2025/12/30 03:22:15 Connection 24 read error: EOF
2025/12/30 03:22:15 user_disconnected error: E_VERBNF
2025/12/30 03:22:15 Traceback for player %!s(types.ObjID=41) (connection not found):
2025/12/30 03:22:15   #41 <- #0:user_disconnected (this == #0), line 1:  Verb not found
2025/12/30 03:22:15   #41 <- (End of traceback)
2025/12/30 03:22:15 Connection 24 closed
2025/12/30 03:22:32 New connection from 127.0.0.1:4984 (ID: 25)
2025/12/30 03:22:32 Switched connection 25 from player -25 to 42
2025/12/30 03:22:32 Connection 25 already logged in as player 42 via switch_player
2025/12/30 03:22:32 user_connected error: E_VERBNF
2025/12/30 03:22:32 Connection 25 read error: EOF
2025/12/30 03:22:32 user_disconnected error: E_VERBNF
2025/12/30 03:22:32 Traceback for player %!s(types.ObjID=42) (connection not found):
2025/12/30 03:22:32   #42 <- #0:user_disconnected (this == #0), line 1:  Verb not found
2025/12/30 03:22:32   #42 <- (End of traceback)
2025/12/30 03:22:32 Connection 25 closed
2025/12/30 03:22:55 New connection from 127.0.0.1:65353 (ID: 26)
2025/12/30 03:22:55 Switched connection 26 from player -26 to 49
2025/12/30 03:22:55 Connection 26 already logged in as player 49 via switch_player
2025/12/30 03:22:55 user_connected error: E_VERBNF
2025/12/30 03:22:55 Connection 26 read error: EOF
2025/12/30 03:22:55 user_disconnected error: E_VERBNF
2025/12/30 03:22:55 Traceback for player %!s(types.ObjID=49) (connection not found):
2025/12/30 03:22:55   #49 <- #0:user_disconnected (this == #0), line 1:  Verb not found
2025/12/30 03:22:55   #49 <- (End of traceback)
2025/12/30 03:22:55 Connection 26 closed
2025/12/30 03:22:55 New connection from 127.0.0.1:65354 (ID: 27)
2025/12/30 03:22:55 Switched connection 27 from player -27 to 51
2025/12/30 03:22:55 Connection 27 already logged in as player 51 via switch_player
2025/12/30 03:22:55 user_connected error: E_VERBNF
2025/12/30 03:22:55 Connection 27 read error: EOF
2025/12/30 03:22:55 user_disconnected error: E_VERBNF
2025/12/30 03:22:55 Traceback for player %!s(types.ObjID=51) (connection not found):
2025/12/30 03:22:55   #51 <- #0:user_disconnected (this == #0), line 1:  Verb not found
2025/12/30 03:22:55   #51 <- (End of traceback)
2025/12/30 03:22:55 Connection 27 closed
2025/12/30 03:22:55 New connection from 127.0.0.1:65355 (ID: 28)
2025/12/30 03:22:55 Switched connection 28 from player -28 to 53
2025/12/30 03:22:55 Connection 28 already logged in as player 53 via switch_player
2025/12/30 03:22:55 user_connected error: E_VERBNF
2025/12/30 03:22:55 Connection 28 read error: EOF
2025/12/30 03:22:55 user_disconnected error: E_VERBNF
2025/12/30 03:22:55 Traceback for player %!s(types.ObjID=53) (connection not found):
2025/12/30 03:22:55   #53 <- #0:user_disconnected (this == #0), line 1:  Verb not found
2025/12/30 03:22:55   #53 <- (End of traceback)
2025/12/30 03:22:55 Connection 28 closed
2025/12/30 03:22:55 New connection from 127.0.0.1:65356 (ID: 29)
2025/12/30 03:22:55 Switched connection 29 from player -29 to 55
2025/12/30 03:22:55 Connection 29 already logged in as player 55 via switch_player
2025/12/30 03:22:55 user_connected error: E_VERBNF
2025/12/30 03:22:55 Connection 29 read error: EOF
2025/12/30 03:22:55 user_disconnected error: E_VERBNF
2025/12/30 03:22:55 Traceback for player %!s(types.ObjID=55) (connection not found):
2025/12/30 03:22:55   #55 <- #0:user_disconnected (this == #0), line 1:  Verb not found
2025/12/30 03:22:55   #55 <- (End of traceback)
2025/12/30 03:22:55 Connection 29 closed
2025/12/30 03:22:55 New connection from 127.0.0.1:65357 (ID: 30)
2025/12/30 03:22:55 Switched connection 30 from player -30 to 57
2025/12/30 03:22:55 Connection 30 already logged in as player 57 via switch_player
2025/12/30 03:22:55 user_connected error: E_VERBNF
2025/12/30 03:22:55 Connection 30 read error: EOF
2025/12/30 03:22:55 user_disconnected error: E_VERBNF
2025/12/30 03:22:55 Traceback for player %!s(types.ObjID=57) (connection not found):
2025/12/30 03:22:55   #57 <- #0:user_disconnected (this == #0), line 1:  Verb not found
2025/12/30 03:22:55   #57 <- (End of traceback)
2025/12/30 03:22:55 Connection 30 closed
2025/12/30 03:22:55 New connection from 127.0.0.1:65358 (ID: 31)
2025/12/30 03:22:55 Switched connection 31 from player -31 to 62
2025/12/30 03:22:55 Connection 31 already logged in as player 62 via switch_player
2025/12/30 03:22:55 user_connected error: E_VERBNF
2025/12/30 03:22:55 Connection 31 read error: EOF
2025/12/30 03:22:55 user_disconnected error: E_VERBNF
2025/12/30 03:22:55 Traceback for player %!s(types.ObjID=62) (connection not found):
2025/12/30 03:22:55   #62 <- #0:user_disconnected (this == #0), line 1:  Verb not found
2025/12/30 03:22:55   #62 <- (End of traceback)
2025/12/30 03:22:55 Connection 31 closed
2025/12/30 03:22:55 New connection from 127.0.0.1:65359 (ID: 32)
2025/12/30 03:22:55 Switched connection 32 from player -32 to 67
2025/12/30 03:22:55 Connection 32 already logged in as player 67 via switch_player
2025/12/30 03:22:55 user_connected error: E_VERBNF
2025/12/30 03:22:55 Connection 32 read error: EOF
2025/12/30 03:22:55 user_disconnected error: E_VERBNF
2025/12/30 03:22:55 Traceback for player %!s(types.ObjID=67) (connection not found):
2025/12/30 03:22:55   #67 <- #0:user_disconnected (this == #0), line 1:  Verb not found
2025/12/30 03:22:55   #67 <- (End of traceback)
2025/12/30 03:22:55 Connection 32 closed
2025/12/30 03:22:55 New connection from 127.0.0.1:65360 (ID: 33)
2025/12/30 03:22:55 Switched connection 33 from player -33 to 72
2025/12/30 03:22:55 Connection 33 already logged in as player 72 via switch_player
2025/12/30 03:22:55 user_connected error: E_VERBNF
2025/12/30 03:22:55 Connection 33 read error: EOF
2025/12/30 03:22:55 user_disconnected error: E_VERBNF
2025/12/30 03:22:55 Traceback for player %!s(types.ObjID=72) (connection not found):
2025/12/30 03:22:55   #72 <- #0:user_disconnected (this == #0), line 1:  Verb not found
2025/12/30 03:22:55   #72 <- (End of traceback)
2025/12/30 03:22:55 Connection 33 closed
2025/12/30 03:22:55 New connection from 127.0.0.1:65361 (ID: 34)
2025/12/30 03:22:55 Switched connection 34 from player -34 to 77
2025/12/30 03:22:55 Connection 34 already logged in as player 77 via switch_player
2025/12/30 03:22:55 user_connected error: E_VERBNF
2025/12/30 03:22:55 Connection 34 read error: EOF
2025/12/30 03:22:55 user_disconnected error: E_VERBNF
2025/12/30 03:22:55 Traceback for player %!s(types.ObjID=77) (connection not found):
2025/12/30 03:22:55   #77 <- #0:user_disconnected (this == #0), line 1:  Verb not found
2025/12/30 03:22:55   #77 <- (End of traceback)
2025/12/30 03:22:55 Connection 34 closed
2025/12/30 03:22:55 New connection from 127.0.0.1:65362 (ID: 35)
2025/12/30 03:22:55 Switched connection 35 from player -35 to 80
2025/12/30 03:22:55 Connection 35 already logged in as player 80 via switch_player
2025/12/30 03:22:55 user_connected error: E_VERBNF
2025/12/30 03:22:55 Connection 35 read error: EOF
2025/12/30 03:22:55 user_disconnected error: E_VERBNF
2025/12/30 03:22:55 Traceback for player %!s(types.ObjID=80) (connection not found):
2025/12/30 03:22:55   #80 <- #0:user_disconnected (this == #0), line 1:  Verb not found
2025/12/30 03:22:55   #80 <- (End of traceback)
2025/12/30 03:22:55 Connection 35 closed
2025/12/30 03:22:55 New connection from 127.0.0.1:65363 (ID: 36)
2025/12/30 03:22:55 Switched connection 36 from player -36 to 83
2025/12/30 03:22:55 Connection 36 already logged in as player 83 via switch_player
2025/12/30 03:22:55 user_connected error: E_VERBNF
2025/12/30 03:22:55 Connection 36 read error: EOF
2025/12/30 03:22:55 user_disconnected error: E_VERBNF
2025/12/30 03:22:55 Traceback for player %!s(types.ObjID=83) (connection not found):
2025/12/30 03:22:55   #83 <- #0:user_disconnected (this == #0), line 1:  Verb not found
2025/12/30 03:22:55   #83 <- (End of traceback)
2025/12/30 03:22:55 Connection 36 closed
2025/12/30 03:22:55 New connection from 127.0.0.1:65364 (ID: 37)
2025/12/30 03:22:55 Switched connection 37 from player -37 to 86
2025/12/30 03:22:55 Connection 37 already logged in as player 86 via switch_player
2025/12/30 03:22:55 user_connected error: E_VERBNF
2025/12/30 03:22:55 Connection 37 read error: EOF
2025/12/30 03:22:55 user_disconnected error: E_VERBNF
2025/12/30 03:22:55 Traceback for player %!s(types.ObjID=86) (connection not found):
2025/12/30 03:22:55   #86 <- #0:user_disconnected (this == #0), line 1:  Verb not found
2025/12/30 03:22:55   #86 <- (End of traceback)
2025/12/30 03:22:55 Connection 37 closed
2025/12/30 03:22:55 New connection from 127.0.0.1:65365 (ID: 38)
2025/12/30 03:22:55 Switched connection 38 from player -38 to 89
2025/12/30 03:22:55 Connection 38 already logged in as player 89 via switch_player
2025/12/30 03:22:55 user_connected error: E_VERBNF
2025/12/30 03:22:55 Connection 38 read error: EOF
2025/12/30 03:22:55 user_disconnected error: E_VERBNF
2025/12/30 03:22:55 Traceback for player %!s(types.ObjID=89) (connection not found):
2025/12/30 03:22:55   #89 <- #0:user_disconnected (this == #0), line 1:  Verb not found
2025/12/30 03:22:55   #89 <- (End of traceback)
2025/12/30 03:22:55 Connection 38 closed
2025/12/30 03:22:55 New connection from 127.0.0.1:65366 (ID: 39)
2025/12/30 03:22:55 Switched connection 39 from player -39 to 94
2025/12/30 03:22:55 Connection 39 already logged in as player 94 via switch_player
2025/12/30 03:22:55 user_connected error: E_VERBNF
2025/12/30 03:22:55 Connection 39 read error: EOF
2025/12/30 03:22:55 user_disconnected error: E_VERBNF
2025/12/30 03:22:55 Traceback for player %!s(types.ObjID=94) (connection not found):
2025/12/30 03:22:55   #94 <- #0:user_disconnected (this == #0), line 1:  Verb not found
2025/12/30 03:22:55   #94 <- (End of traceback)
2025/12/30 03:22:55 Connection 39 closed
2025/12/30 03:22:55 New connection from 127.0.0.1:65367 (ID: 40)
2025/12/30 03:22:55 Switched connection 40 from player -40 to 102
2025/12/30 03:22:55 Connection 40 already logged in as player 102 via switch_player
2025/12/30 03:22:55 user_connected error: E_VERBNF
2025/12/30 03:22:55 Connection 40 read error: EOF
2025/12/30 03:22:55 user_disconnected error: E_VERBNF
2025/12/30 03:22:55 Traceback for player %!s(types.ObjID=102) (connection not found):
2025/12/30 03:22:55   #102 <- #0:user_disconnected (this == #0), line 1:  Verb not found
2025/12/30 03:22:55   #102 <- (End of traceback)
2025/12/30 03:22:55 Connection 40 closed
2025/12/30 03:22:55 New connection from 127.0.0.1:65368 (ID: 41)
2025/12/30 03:22:55 Switched connection 41 from player -41 to 104
2025/12/30 03:22:55 Connection 41 already logged in as player 104 via switch_player
2025/12/30 03:22:55 user_connected error: E_VERBNF
2025/12/30 03:22:55 Connection 41 read error: EOF
2025/12/30 03:22:55 user_disconnected error: E_VERBNF
2025/12/30 03:22:55 Traceback for player %!s(types.ObjID=104) (connection not found):
2025/12/30 03:22:55   #104 <- #0:user_disconnected (this == #0), line 1:  Verb not found
2025/12/30 03:22:55   #104 <- (End of traceback)
2025/12/30 03:22:55 Connection 41 closed
2025/12/30 03:22:55 New connection from 127.0.0.1:65369 (ID: 42)
2025/12/30 03:22:55 Switched connection 42 from player -42 to 106
2025/12/30 03:22:55 Connection 42 already logged in as player 106 via switch_player
2025/12/30 03:22:55 user_connected error: E_VERBNF
2025/12/30 03:22:55 Connection 42 read error: EOF
2025/12/30 03:22:55 user_disconnected error: E_VERBNF
2025/12/30 03:22:55 Traceback for player %!s(types.ObjID=106) (connection not found):
2025/12/30 03:22:55   #106 <- #0:user_disconnected (this == #0), line 1:  Verb not found
2025/12/30 03:22:55   #106 <- (End of traceback)
2025/12/30 03:22:55 Connection 42 closed
2025/12/30 03:22:55 New connection from 127.0.0.1:65370 (ID: 43)
2025/12/30 03:22:55 Switched connection 43 from player -43 to 108
2025/12/30 03:22:55 Connection 43 already logged in as player 108 via switch_player
2025/12/30 03:22:55 user_connected error: E_VERBNF
2025/12/30 03:22:55 Connection 43 read error: EOF
2025/12/30 03:22:55 user_disconnected error: E_VERBNF
2025/12/30 03:22:55 Traceback for player %!s(types.ObjID=108) (connection not found):
2025/12/30 03:22:55   #108 <- #0:user_disconnected (this == #0), line 1:  Verb not found
2025/12/30 03:22:55   #108 <- (End of traceback)
2025/12/30 03:22:55 Connection 43 closed
2025/12/30 03:22:55 New connection from 127.0.0.1:65371 (ID: 44)
2025/12/30 03:22:55 Switched connection 44 from player -44 to 110
2025/12/30 03:22:55 Connection 44 already logged in as player 110 via switch_player
2025/12/30 03:22:55 user_connected error: E_VERBNF
2025/12/30 03:22:55 Connection 44 read error: EOF
2025/12/30 03:22:55 user_disconnected error: E_VERBNF
2025/12/30 03:22:55 Traceback for player %!s(types.ObjID=110) (connection not found):
2025/12/30 03:22:55   #110 <- #0:user_disconnected (this == #0), line 1:  Verb not found
2025/12/30 03:22:55   #110 <- (End of traceback)
2025/12/30 03:22:55 Connection 44 closed
2025/12/30 03:22:55 New connection from 127.0.0.1:65372 (ID: 45)
2025/12/30 03:22:55 Switched connection 45 from player -45 to 112
2025/12/30 03:22:55 Connection 45 already logged in as player 112 via switch_player
2025/12/30 03:22:55 user_connected error: E_VERBNF
2025/12/30 03:22:55 Connection 45 read error: EOF
2025/12/30 03:22:55 user_disconnected error: E_VERBNF
2025/12/30 03:22:55 Traceback for player %!s(types.ObjID=112) (connection not found):
2025/12/30 03:22:55   #112 <- #0:user_disconnected (this == #0), line 1:  Verb not found
2025/12/30 03:22:55   #112 <- (End of traceback)
2025/12/30 03:22:55 Connection 45 closed
2025/12/30 03:22:55 New connection from 127.0.0.1:65373 (ID: 46)
2025/12/30 03:22:55 Switched connection 46 from player -46 to 114
2025/12/30 03:22:55 Connection 46 already logged in as player 114 via switch_player
2025/12/30 03:22:55 user_connected error: E_VERBNF
2025/12/30 03:22:55 Connection 46 read error: EOF
2025/12/30 03:22:55 user_disconnected error: E_VERBNF
2025/12/30 03:22:55 Traceback for player %!s(types.ObjID=114) (connection not found):
2025/12/30 03:22:55   #114 <- #0:user_disconnected (this == #0), line 1:  Verb not found
2025/12/30 03:22:55   #114 <- (End of traceback)
2025/12/30 03:22:55 Connection 46 closed
2025/12/30 03:22:55 New connection from 127.0.0.1:65374 (ID: 47)
2025/12/30 03:22:55 Switched connection 47 from player -47 to 116
2025/12/30 03:22:55 Connection 47 already logged in as player 116 via switch_player
2025/12/30 03:22:55 user_connected error: E_VERBNF
2025/12/30 03:22:55 Connection 47 read error: EOF
2025/12/30 03:22:55 user_disconnected error: E_VERBNF
2025/12/30 03:22:55 Traceback for player %!s(types.ObjID=116) (connection not found):
2025/12/30 03:22:55   #116 <- #0:user_disconnected (this == #0), line 1:  Verb not found
2025/12/30 03:22:55   #116 <- (End of traceback)
2025/12/30 03:22:55 Connection 47 closed
2025/12/30 03:22:55 New connection from 127.0.0.1:65375 (ID: 48)
2025/12/30 03:22:55 Switched connection 48 from player -48 to 117
2025/12/30 03:22:55 Connection 48 already logged in as player 117 via switch_player
2025/12/30 03:22:55 user_connected error: E_VERBNF
2025/12/30 03:22:55 Connection 48 read error: EOF
2025/12/30 03:22:55 user_disconnected error: E_VERBNF
2025/12/30 03:22:55 Traceback for player %!s(types.ObjID=117) (connection not found):
2025/12/30 03:22:55   #117 <- #0:user_disconnected (this == #0), line 1:  Verb not found
2025/12/30 03:22:55   #117 <- (End of traceback)
2025/12/30 03:22:55 Connection 48 closed
2025/12/30 03:22:55 New connection from 127.0.0.1:65376 (ID: 49)
2025/12/30 03:22:55 Switched connection 49 from player -49 to 118
2025/12/30 03:22:55 Connection 49 already logged in as player 118 via switch_player
2025/12/30 03:22:55 user_connected error: E_VERBNF
2025/12/30 03:22:55 Connection 49 read error: EOF
2025/12/30 03:22:55 user_disconnected error: E_VERBNF
2025/12/30 03:22:55 Traceback for player %!s(types.ObjID=118) (connection not found):
2025/12/30 03:22:55   #118 <- #0:user_disconnected (this == #0), line 1:  Verb not found
2025/12/30 03:22:55   #118 <- (End of traceback)
2025/12/30 03:22:55 Connection 49 closed
2025/12/30 03:22:55 New connection from 127.0.0.1:65377 (ID: 50)
2025/12/30 03:22:55 Switched connection 50 from player -50 to 119
2025/12/30 03:22:55 Connection 50 already logged in as player 119 via switch_player
2025/12/30 03:22:55 user_connected error: E_VERBNF
2025/12/30 03:22:55 Connection 50 read error: EOF
2025/12/30 03:22:55 user_disconnected error: E_VERBNF
2025/12/30 03:22:55 Traceback for player %!s(types.ObjID=119) (connection not found):
2025/12/30 03:22:55   #119 <- #0:user_disconnected (this == #0), line 1:  Verb not found
2025/12/30 03:22:55   #119 <- (End of traceback)
2025/12/30 03:22:55 Connection 50 closed
2025/12/30 03:22:55 New connection from 127.0.0.1:65378 (ID: 51)
2025/12/30 03:22:55 Switched connection 51 from player -51 to 120
2025/12/30 03:22:55 Connection 51 already logged in as player 120 via switch_player
2025/12/30 03:22:55 user_connected error: E_VERBNF
2025/12/30 03:22:55 Connection 51 read error: EOF
2025/12/30 03:22:55 user_disconnected error: E_VERBNF
2025/12/30 03:22:55 Traceback for player %!s(types.ObjID=120) (connection not found):
2025/12/30 03:22:55   #120 <- #0:user_disconnected (this == #0), line 1:  Verb not found
2025/12/30 03:22:55   #120 <- (End of traceback)
2025/12/30 03:22:55 Connection 51 closed
2025/12/30 03:22:55 New connection from 127.0.0.1:65379 (ID: 52)
2025/12/30 03:22:55 Switched connection 52 from player -52 to 122
2025/12/30 03:22:55 Connection 52 already logged in as player 122 via switch_player
2025/12/30 03:22:55 user_connected error: E_VERBNF
2025/12/30 03:22:55 Connection 52 read error: EOF
2025/12/30 03:22:55 user_disconnected error: E_VERBNF
2025/12/30 03:22:55 Traceback for player %!s(types.ObjID=122) (connection not found):
2025/12/30 03:22:55   #122 <- #0:user_disconnected (this == #0), line 1:  Verb not found
2025/12/30 03:22:55   #122 <- (End of traceback)
2025/12/30 03:22:55 Connection 52 closed
2025/12/30 03:22:55 New connection from 127.0.0.1:65380 (ID: 53)
2025/12/30 03:22:55 Switched connection 53 from player -53 to 124
2025/12/30 03:22:55 Connection 53 already logged in as player 124 via switch_player
2025/12/30 03:22:55 user_connected error: E_VERBNF
2025/12/30 03:22:55 Connection 53 read error: EOF
2025/12/30 03:22:55 user_disconnected error: E_VERBNF
2025/12/30 03:22:55 Traceback for player %!s(types.ObjID=124) (connection not found):
2025/12/30 03:22:55   #124 <- #0:user_disconnected (this == #0), line 1:  Verb not found
2025/12/30 03:22:55   #124 <- (End of traceback)
2025/12/30 03:22:55 Connection 53 closed
2025/12/30 03:22:55 New connection from 127.0.0.1:65381 (ID: 54)
2025/12/30 03:22:55 Switched connection 54 from player -54 to 125
2025/12/30 03:22:55 Connection 54 already logged in as player 125 via switch_player
2025/12/30 03:22:55 user_connected error: E_VERBNF
2025/12/30 03:22:55 Connection 54 read error: EOF
2025/12/30 03:22:55 user_disconnected error: E_VERBNF
2025/12/30 03:22:55 Traceback for player %!s(types.ObjID=125) (connection not found):
2025/12/30 03:22:55   #125 <- #0:user_disconnected (this == #0), line 1:  Verb not found
2025/12/30 03:22:55   #125 <- (End of traceback)
2025/12/30 03:22:55 Connection 54 closed
2025/12/30 03:22:55 New connection from 127.0.0.1:65382 (ID: 55)
2025/12/30 03:22:55 Switched connection 55 from player -55 to 126
2025/12/30 03:22:55 Connection 55 already logged in as player 126 via switch_player
2025/12/30 03:22:55 user_connected error: E_VERBNF
2025/12/30 03:22:55 Connection 55 read error: EOF
2025/12/30 03:22:55 user_disconnected error: E_VERBNF
2025/12/30 03:22:55 Traceback for player %!s(types.ObjID=126) (connection not found):
2025/12/30 03:22:55   #126 <- #0:user_disconnected (this == #0), line 1:  Verb not found
2025/12/30 03:22:55   #126 <- (End of traceback)
2025/12/30 03:22:55 Connection 55 closed
2025/12/30 03:22:55 New connection from 127.0.0.1:65383 (ID: 56)
2025/12/30 03:22:55 Switched connection 56 from player -56 to 127
2025/12/30 03:22:55 Connection 56 already logged in as player 127 via switch_player
2025/12/30 03:22:55 user_connected error: E_VERBNF
2025/12/30 03:22:55 Connection 56 read error: EOF
2025/12/30 03:22:55 user_disconnected error: E_VERBNF
2025/12/30 03:22:55 Traceback for player %!s(types.ObjID=127) (connection not found):
2025/12/30 03:22:55   #127 <- #0:user_disconnected (this == #0), line 1:  Verb not found
2025/12/30 03:22:55   #127 <- (End of traceback)
2025/12/30 03:22:55 Connection 56 closed
2025/12/30 03:22:55 New connection from 127.0.0.1:65384 (ID: 57)
2025/12/30 03:22:55 Switched connection 57 from player -57 to 128
2025/12/30 03:22:55 Connection 57 already logged in as player 128 via switch_player
2025/12/30 03:22:55 user_connected error: E_VERBNF
2025/12/30 03:22:55 Connection 57 read error: EOF
2025/12/30 03:22:55 user_disconnected error: E_VERBNF
2025/12/30 03:22:55 Traceback for player %!s(types.ObjID=128) (connection not found):
2025/12/30 03:22:55   #128 <- #0:user_disconnected (this == #0), line 1:  Verb not found
2025/12/30 03:22:55   #128 <- (End of traceback)
2025/12/30 03:22:55 Connection 57 closed
2025/12/30 03:22:55 New connection from 127.0.0.1:65385 (ID: 58)
2025/12/30 03:22:55 Switched connection 58 from player -58 to 130
2025/12/30 03:22:55 Connection 58 already logged in as player 130 via switch_player
2025/12/30 03:22:55 user_connected error: E_VERBNF
2025/12/30 03:22:55 Connection 58 read error: EOF
2025/12/30 03:22:55 user_disconnected error: E_VERBNF
2025/12/30 03:22:55 Traceback for player %!s(types.ObjID=130) (connection not found):
2025/12/30 03:22:55   #130 <- #0:user_disconnected (this == #0), line 1:  Verb not found
2025/12/30 03:22:55   #130 <- (End of traceback)
2025/12/30 03:22:55 Connection 58 closed
2025/12/30 03:22:55 New connection from 127.0.0.1:65386 (ID: 59)
2025/12/30 03:22:55 Switched connection 59 from player -59 to 132
2025/12/30 03:22:55 Connection 59 already logged in as player 132 via switch_player
2025/12/30 03:22:55 user_connected error: E_VERBNF
2025/12/30 03:22:55 Connection 59 read error: EOF
2025/12/30 03:22:55 user_disconnected error: E_VERBNF
2025/12/30 03:22:55 Traceback for player %!s(types.ObjID=132) (connection not found):
2025/12/30 03:22:55   #132 <- #0:user_disconnected (this == #0), line 1:  Verb not found
2025/12/30 03:22:55   #132 <- (End of traceback)
2025/12/30 03:22:55 Connection 59 closed
2025/12/30 03:22:55 New connection from 127.0.0.1:65387 (ID: 60)
2025/12/30 03:22:55 Switched connection 60 from player -60 to 134
2025/12/30 03:22:55 Connection 60 already logged in as player 134 via switch_player
2025/12/30 03:22:55 user_connected error: E_VERBNF
2025/12/30 03:22:55 Connection 60 read error: EOF
2025/12/30 03:22:55 user_disconnected error: E_VERBNF
2025/12/30 03:22:55 Traceback for player %!s(types.ObjID=134) (connection not found):
2025/12/30 03:22:55   #134 <- #0:user_disconnected (this == #0), line 1:  Verb not found
2025/12/30 03:22:55   #134 <- (End of traceback)
2025/12/30 03:22:55 Connection 60 closed
2025/12/30 03:22:55 New connection from 127.0.0.1:65388 (ID: 61)
2025/12/30 03:22:55 Switched connection 61 from player -61 to 136
2025/12/30 03:22:55 Connection 61 already logged in as player 136 via switch_player
2025/12/30 03:22:55 user_connected error: E_VERBNF
2025/12/30 03:22:55 Connection 61 read error: EOF
2025/12/30 03:22:55 user_disconnected error: E_VERBNF
2025/12/30 03:22:55 Traceback for player %!s(types.ObjID=136) (connection not found):
2025/12/30 03:22:55   #136 <- #0:user_disconnected (this == #0), line 1:  Verb not found
2025/12/30 03:22:55   #136 <- (End of traceback)
2025/12/30 03:22:55 Connection 61 closed
2025/12/30 03:22:55 New connection from 127.0.0.1:65389 (ID: 62)
2025/12/30 03:22:55 Switched connection 62 from player -62 to 139
2025/12/30 03:22:55 Connection 62 already logged in as player 139 via switch_player
2025/12/30 03:22:55 user_connected error: E_VERBNF
2025/12/30 03:22:55 Connection 62 read error: EOF
2025/12/30 03:22:55 user_disconnected error: E_VERBNF
2025/12/30 03:22:55 Traceback for player %!s(types.ObjID=139) (connection not found):
2025/12/30 03:22:55   #139 <- #0:user_disconnected (this == #0), line 1:  Verb not found
2025/12/30 03:22:55   #139 <- (End of traceback)
2025/12/30 03:22:55 Connection 62 closed
2025/12/30 03:22:55 New connection from 127.0.0.1:65390 (ID: 63)
2025/12/30 03:22:55 Switched connection 63 from player -63 to 142
2025/12/30 03:22:55 Connection 63 already logged in as player 142 via switch_player
2025/12/30 03:22:55 user_connected error: E_VERBNF
2025/12/30 03:22:55 Connection 63 read error: EOF
2025/12/30 03:22:55 user_disconnected error: E_VERBNF
2025/12/30 03:22:55 Traceback for player %!s(types.ObjID=142) (connection not found):
2025/12/30 03:22:55   #142 <- #0:user_disconnected (this == #0), line 1:  Verb not found
2025/12/30 03:22:55   #142 <- (End of traceback)
2025/12/30 03:22:55 Connection 63 closed
2025/12/30 03:22:55 New connection from 127.0.0.1:65391 (ID: 64)
2025/12/30 03:22:55 Switched connection 64 from player -64 to 145
2025/12/30 03:22:55 Connection 64 already logged in as player 145 via switch_player
2025/12/30 03:22:55 user_connected error: E_VERBNF
2025/12/30 03:22:55 Connection 64 read error: EOF
2025/12/30 03:22:55 user_disconnected error: E_VERBNF
2025/12/30 03:22:55 Traceback for player %!s(types.ObjID=145) (connection not found):
2025/12/30 03:22:55   #145 <- #0:user_disconnected (this == #0), line 1:  Verb not found
2025/12/30 03:22:55   #145 <- (End of traceback)
2025/12/30 03:22:55 Connection 64 closed
2025/12/30 03:22:55 New connection from 127.0.0.1:65392 (ID: 65)
2025/12/30 03:22:55 Switched connection 65 from player -65 to 148
2025/12/30 03:22:55 Connection 65 already logged in as player 148 via switch_player
2025/12/30 03:22:55 user_connected error: E_VERBNF
2025/12/30 03:22:55 Connection 65 read error: EOF
2025/12/30 03:22:55 user_disconnected error: E_VERBNF
2025/12/30 03:22:55 Traceback for player %!s(types.ObjID=148) (connection not found):
2025/12/30 03:22:55   #148 <- #0:user_disconnected (this == #0), line 1:  Verb not found
2025/12/30 03:22:55   #148 <- (End of traceback)
2025/12/30 03:22:55 Connection 65 closed
2025/12/30 03:22:55 New connection from 127.0.0.1:65393 (ID: 66)
2025/12/30 03:22:55 Switched connection 66 from player -66 to 150
2025/12/30 03:22:55 Connection 66 already logged in as player 150 via switch_player
2025/12/30 03:22:55 user_connected error: E_VERBNF
2025/12/30 03:22:55 Connection 66 read error: EOF
2025/12/30 03:22:55 user_disconnected error: E_VERBNF
2025/12/30 03:22:55 Traceback for player %!s(types.ObjID=150) (connection not found):
2025/12/30 03:22:55   #150 <- #0:user_disconnected (this == #0), line 1:  Verb not found
2025/12/30 03:22:55   #150 <- (End of traceback)
2025/12/30 03:22:55 Connection 66 closed
2025/12/30 03:22:55 New connection from 127.0.0.1:65394 (ID: 67)
2025/12/30 03:22:55 Switched connection 67 from player -67 to 152
2025/12/30 03:22:55 Connection 67 already logged in as player 152 via switch_player
2025/12/30 03:22:55 user_connected error: E_VERBNF
2025/12/30 03:22:55 Connection 67 read error: EOF
2025/12/30 03:22:55 user_disconnected error: E_VERBNF
2025/12/30 03:22:55 Traceback for player %!s(types.ObjID=152) (connection not found):
2025/12/30 03:22:55   #152 <- #0:user_disconnected (this == #0), line 1:  Verb not found
2025/12/30 03:22:55   #152 <- (End of traceback)
2025/12/30 03:22:55 Connection 67 closed
2025/12/30 03:22:55 New connection from 127.0.0.1:65395 (ID: 68)
2025/12/30 03:22:55 Switched connection 68 from player -68 to 154
2025/12/30 03:22:55 Connection 68 already logged in as player 154 via switch_player
2025/12/30 03:22:55 user_connected error: E_VERBNF
2025/12/30 03:22:55 Connection 68 read error: EOF
2025/12/30 03:22:55 user_disconnected error: E_VERBNF
2025/12/30 03:22:55 Traceback for player %!s(types.ObjID=154) (connection not found):
2025/12/30 03:22:55   #154 <- #0:user_disconnected (this == #0), line 1:  Verb not found
2025/12/30 03:22:55   #154 <- (End of traceback)
2025/12/30 03:22:55 Connection 68 closed
2025/12/30 03:22:55 New connection from 127.0.0.1:65396 (ID: 69)
2025/12/30 03:22:55 Switched connection 69 from player -69 to 156
2025/12/30 03:22:55 Connection 69 already logged in as player 156 via switch_player
2025/12/30 03:22:55 user_connected error: E_VERBNF
2025/12/30 03:22:55 Connection 69 read error: EOF
2025/12/30 03:22:55 user_disconnected error: E_VERBNF
2025/12/30 03:22:55 Traceback for player %!s(types.ObjID=156) (connection not found):
2025/12/30 03:22:55   #156 <- #0:user_disconnected (this == #0), line 1:  Verb not found
2025/12/30 03:22:55   #156 <- (End of traceback)
2025/12/30 03:22:55 Connection 69 closed
2025/12/30 03:22:55 New connection from 127.0.0.1:65397 (ID: 70)
2025/12/30 03:22:55 Switched connection 70 from player -70 to 158
2025/12/30 03:22:55 Connection 70 already logged in as player 158 via switch_player
2025/12/30 03:22:55 user_connected error: E_VERBNF
2025/12/30 03:22:55 Connection 70 read error: EOF
2025/12/30 03:22:55 user_disconnected error: E_VERBNF
2025/12/30 03:22:55 Traceback for player %!s(types.ObjID=158) (connection not found):
2025/12/30 03:22:55   #158 <- #0:user_disconnected (this == #0), line 1:  Verb not found
2025/12/30 03:22:55   #158 <- (End of traceback)
2025/12/30 03:22:55 Connection 70 closed
2025/12/30 03:22:55 New connection from 127.0.0.1:65398 (ID: 71)
2025/12/30 03:22:55 Switched connection 71 from player -71 to 160
2025/12/30 03:22:55 Connection 71 already logged in as player 160 via switch_player
2025/12/30 03:22:55 user_connected error: E_VERBNF
2025/12/30 03:22:55 Connection 71 read error: EOF
2025/12/30 03:22:55 user_disconnected error: E_VERBNF
2025/12/30 03:22:55 Traceback for player %!s(types.ObjID=160) (connection not found):
2025/12/30 03:22:55   #160 <- #0:user_disconnected (this == #0), line 1:  Verb not found
2025/12/30 03:22:55   #160 <- (End of traceback)
2025/12/30 03:22:55 Connection 71 closed
2025/12/30 03:22:55 New connection from 127.0.0.1:65399 (ID: 72)
2025/12/30 03:22:55 Switched connection 72 from player -72 to 162
2025/12/30 03:22:55 Connection 72 already logged in as player 162 via switch_player
2025/12/30 03:22:55 user_connected error: E_VERBNF
2025/12/30 03:22:55 Connection 72 read error: EOF
2025/12/30 03:22:55 user_disconnected error: E_VERBNF
2025/12/30 03:22:55 Traceback for player %!s(types.ObjID=162) (connection not found):
2025/12/30 03:22:55   #162 <- #0:user_disconnected (this == #0), line 1:  Verb not found
2025/12/30 03:22:55   #162 <- (End of traceback)
2025/12/30 03:22:55 Connection 72 closed
2025/12/30 03:22:55 New connection from 127.0.0.1:65400 (ID: 73)
2025/12/30 03:22:55 Switched connection 73 from player -73 to 164
2025/12/30 03:22:55 Connection 73 already logged in as player 164 via switch_player
2025/12/30 03:22:55 user_connected error: E_VERBNF
2025/12/30 03:22:55 Connection 73 read error: EOF
2025/12/30 03:22:55 user_disconnected error: E_VERBNF
2025/12/30 03:22:55 Traceback for player %!s(types.ObjID=164) (connection not found):
2025/12/30 03:22:55   #164 <- #0:user_disconnected (this == #0), line 1:  Verb not found
2025/12/30 03:22:55   #164 <- (End of traceback)
2025/12/30 03:22:55 Connection 73 closed
2025/12/30 03:22:55 New connection from 127.0.0.1:65401 (ID: 74)
2025/12/30 03:22:55 Switched connection 74 from player -74 to 166
2025/12/30 03:22:55 Connection 74 already logged in as player 166 via switch_player
2025/12/30 03:22:55 user_connected error: E_VERBNF
2025/12/30 03:22:55 Connection 74 read error: EOF
2025/12/30 03:22:55 user_disconnected error: E_VERBNF
2025/12/30 03:22:55 Traceback for player %!s(types.ObjID=166) (connection not found):
2025/12/30 03:22:55   #166 <- #0:user_disconnected (this == #0), line 1:  Verb not found
2025/12/30 03:22:55   #166 <- (End of traceback)
2025/12/30 03:22:55 Connection 74 closed
2025/12/30 03:22:55 New connection from 127.0.0.1:65402 (ID: 75)
2025/12/30 03:22:55 Switched connection 75 from player -75 to 168
2025/12/30 03:22:55 Connection 75 already logged in as player 168 via switch_player
2025/12/30 03:22:55 user_connected error: E_VERBNF
2025/12/30 03:22:55 Connection 75 read error: EOF
2025/12/30 03:22:55 user_disconnected error: E_VERBNF
2025/12/30 03:22:55 Traceback for player %!s(types.ObjID=168) (connection not found):
2025/12/30 03:22:55   #168 <- #0:user_disconnected (this == #0), line 1:  Verb not found
2025/12/30 03:22:55   #168 <- (End of traceback)
2025/12/30 03:22:55 Connection 75 closed
2025/12/30 03:22:55 New connection from 127.0.0.1:65403 (ID: 76)
2025/12/30 03:22:55 Switched connection 76 from player -76 to 170
2025/12/30 03:22:55 Connection 76 already logged in as player 170 via switch_player
2025/12/30 03:22:55 user_connected error: E_VERBNF
2025/12/30 03:22:55 Connection 76 read error: EOF
2025/12/30 03:22:55 user_disconnected error: E_VERBNF
2025/12/30 03:22:55 Traceback for player %!s(types.ObjID=170) (connection not found):
2025/12/30 03:22:55   #170 <- #0:user_disconnected (this == #0), line 1:  Verb not found
2025/12/30 03:22:55   #170 <- (End of traceback)
2025/12/30 03:22:55 Connection 76 closed
2025/12/30 03:22:55 New connection from 127.0.0.1:65404 (ID: 77)
2025/12/30 03:22:55 Switched connection 77 from player -77 to 172
2025/12/30 03:22:55 Connection 77 already logged in as player 172 via switch_player
2025/12/30 03:22:55 user_connected error: E_VERBNF
2025/12/30 03:22:55 Connection 77 read error: EOF
2025/12/30 03:22:55 user_disconnected error: E_VERBNF
2025/12/30 03:22:55 Traceback for player %!s(types.ObjID=172) (connection not found):
2025/12/30 03:22:55   #172 <- #0:user_disconnected (this == #0), line 1:  Verb not found
2025/12/30 03:22:55   #172 <- (End of traceback)
2025/12/30 03:22:55 Connection 77 closed
2025/12/30 03:22:55 New connection from 127.0.0.1:65405 (ID: 78)
2025/12/30 03:22:55 Switched connection 78 from player -78 to 174
2025/12/30 03:22:55 Connection 78 already logged in as player 174 via switch_player
2025/12/30 03:22:55 user_connected error: E_VERBNF
2025/12/30 03:22:55 Connection 78 read error: EOF
2025/12/30 03:22:55 user_disconnected error: E_VERBNF
2025/12/30 03:22:55 Traceback for player %!s(types.ObjID=174) (connection not found):
2025/12/30 03:22:55   #174 <- #0:user_disconnected (this == #0), line 1:  Verb not found
2025/12/30 03:22:55   #174 <- (End of traceback)
2025/12/30 03:22:55 Connection 78 closed
2025/12/30 03:22:55 New connection from 127.0.0.1:65406 (ID: 79)
2025/12/30 03:22:55 Switched connection 79 from player -79 to 176
2025/12/30 03:22:55 Connection 79 already logged in as player 176 via switch_player
2025/12/30 03:22:55 user_connected error: E_VERBNF
2025/12/30 03:22:55 Connection 79 read error: EOF
2025/12/30 03:22:55 user_disconnected error: E_VERBNF
2025/12/30 03:22:55 Traceback for player %!s(types.ObjID=176) (connection not found):
2025/12/30 03:22:55   #176 <- #0:user_disconnected (this == #0), line 1:  Verb not found
2025/12/30 03:22:55   #176 <- (End of traceback)
2025/12/30 03:22:55 Connection 79 closed
2025/12/30 03:22:55 New connection from 127.0.0.1:65407 (ID: 80)
2025/12/30 03:22:55 Switched connection 80 from player -80 to 177
2025/12/30 03:22:55 Connection 80 already logged in as player 177 via switch_player
2025/12/30 03:22:55 user_connected error: E_VERBNF
2025/12/30 03:22:55 Connection 80 read error: EOF
2025/12/30 03:22:55 user_disconnected error: E_VERBNF
2025/12/30 03:22:55 Traceback for player %!s(types.ObjID=177) (connection not found):
2025/12/30 03:22:55   #177 <- #0:user_disconnected (this == #0), line 1:  Verb not found
2025/12/30 03:22:55   #177 <- (End of traceback)
2025/12/30 03:22:55 Connection 80 closed
2025/12/30 03:22:55 New connection from 127.0.0.1:65408 (ID: 81)
2025/12/30 03:22:55 Switched connection 81 from player -81 to 178
2025/12/30 03:22:55 Connection 81 already logged in as player 178 via switch_player
2025/12/30 03:22:55 user_connected error: E_VERBNF
2025/12/30 03:22:55 Connection 81 read error: EOF
2025/12/30 03:22:55 user_disconnected error: E_VERBNF
2025/12/30 03:22:55 Traceback for player %!s(types.ObjID=178) (connection not found):
2025/12/30 03:22:55   #178 <- #0:user_disconnected (this == #0), line 1:  Verb not found
2025/12/30 03:22:55   #178 <- (End of traceback)
2025/12/30 03:22:55 Connection 81 closed
2025/12/30 03:22:55 New connection from 127.0.0.1:65409 (ID: 82)
2025/12/30 03:22:55 Switched connection 82 from player -82 to 179
2025/12/30 03:22:55 Connection 82 already logged in as player 179 via switch_player
2025/12/30 03:22:55 user_connected error: E_VERBNF
2025/12/30 03:22:55 Connection 82 read error: EOF
2025/12/30 03:22:55 user_disconnected error: E_VERBNF
2025/12/30 03:22:55 Traceback for player %!s(types.ObjID=179) (connection not found):
2025/12/30 03:22:55   #179 <- #0:user_disconnected (this == #0), line 1:  Verb not found
2025/12/30 03:22:55   #179 <- (End of traceback)
2025/12/30 03:22:55 Connection 82 closed
2025/12/30 03:22:55 New connection from 127.0.0.1:65410 (ID: 83)
2025/12/30 03:22:55 Switched connection 83 from player -83 to 181
2025/12/30 03:22:55 Connection 83 already logged in as player 181 via switch_player
2025/12/30 03:22:55 user_connected error: E_VERBNF
2025/12/30 03:22:55 Connection 83 read error: EOF
2025/12/30 03:22:55 user_disconnected error: E_VERBNF
2025/12/30 03:22:55 Traceback for player %!s(types.ObjID=181) (connection not found):
2025/12/30 03:22:55   #181 <- #0:user_disconnected (this == #0), line 1:  Verb not found
2025/12/30 03:22:55   #181 <- (End of traceback)
2025/12/30 03:22:55 Connection 83 closed
2025/12/30 03:22:55 New connection from 127.0.0.1:65411 (ID: 84)
2025/12/30 03:22:55 Switched connection 84 from player -84 to 182
2025/12/30 03:22:55 Connection 84 already logged in as player 182 via switch_player
2025/12/30 03:22:55 user_connected error: E_VERBNF
2025/12/30 03:22:55 Connection 84 read error: EOF
2025/12/30 03:22:55 user_disconnected error: E_VERBNF
2025/12/30 03:22:55 Traceback for player %!s(types.ObjID=182) (connection not found):
2025/12/30 03:22:55   #182 <- #0:user_disconnected (this == #0), line 1:  Verb not found
2025/12/30 03:22:55   #182 <- (End of traceback)
2025/12/30 03:22:55 Connection 84 closed
2025/12/30 03:22:55 New connection from 127.0.0.1:65412 (ID: 85)
2025/12/30 03:22:55 Switched connection 85 from player -85 to 183
2025/12/30 03:22:55 Connection 85 already logged in as player 183 via switch_player
2025/12/30 03:22:55 user_connected error: E_VERBNF
2025/12/30 03:22:55 Connection 85 read error: EOF
2025/12/30 03:22:55 user_disconnected error: E_VERBNF
2025/12/30 03:22:55 Traceback for player %!s(types.ObjID=183) (connection not found):
2025/12/30 03:22:55   #183 <- #0:user_disconnected (this == #0), line 1:  Verb not found
2025/12/30 03:22:55   #183 <- (End of traceback)
2025/12/30 03:22:55 Connection 85 closed
2025/12/30 03:22:55 New connection from 127.0.0.1:65413 (ID: 86)
2025/12/30 03:22:55 Switched connection 86 from player -86 to 184
2025/12/30 03:22:55 Connection 86 already logged in as player 184 via switch_player
2025/12/30 03:22:55 user_connected error: E_VERBNF
2025/12/30 03:22:55 Connection 86 read error: EOF
2025/12/30 03:22:55 user_disconnected error: E_VERBNF
2025/12/30 03:22:55 Traceback for player %!s(types.ObjID=184) (connection not found):
2025/12/30 03:22:55   #184 <- #0:user_disconnected (this == #0), line 1:  Verb not found
2025/12/30 03:22:55   #184 <- (End of traceback)
2025/12/30 03:22:55 Connection 86 closed
2025/12/30 03:22:55 New connection from 127.0.0.1:65414 (ID: 87)
2025/12/30 03:22:55 Switched connection 87 from player -87 to 185
2025/12/30 03:22:55 Connection 87 already logged in as player 185 via switch_player
2025/12/30 03:22:55 user_connected error: E_VERBNF
2025/12/30 03:22:55 Connection 87 read error: EOF
2025/12/30 03:22:55 user_disconnected error: E_VERBNF
2025/12/30 03:22:55 Traceback for player %!s(types.ObjID=185) (connection not found):
2025/12/30 03:22:55   #185 <- #0:user_disconnected (this == #0), line 1:  Verb not found
2025/12/30 03:22:55   #185 <- (End of traceback)
2025/12/30 03:22:55 Connection 87 closed
2025/12/30 03:22:55 New connection from 127.0.0.1:65415 (ID: 88)
2025/12/30 03:22:55 Switched connection 88 from player -88 to 186
2025/12/30 03:22:55 Connection 88 already logged in as player 186 via switch_player
2025/12/30 03:22:55 user_connected error: E_VERBNF
2025/12/30 03:22:55 Connection 88 read error: EOF
2025/12/30 03:22:55 user_disconnected error: E_VERBNF
2025/12/30 03:22:55 Traceback for player %!s(types.ObjID=186) (connection not found):
2025/12/30 03:22:55   #186 <- #0:user_disconnected (this == #0), line 1:  Verb not found
2025/12/30 03:22:55   #186 <- (End of traceback)
2025/12/30 03:22:55 Connection 88 closed
2025/12/30 03:22:55 New connection from 127.0.0.1:65416 (ID: 89)
2025/12/30 03:22:55 Switched connection 89 from player -89 to 187
2025/12/30 03:22:55 Connection 89 already logged in as player 187 via switch_player
2025/12/30 03:22:55 user_connected error: E_VERBNF
2025/12/30 03:22:55 Connection 89 read error: EOF
2025/12/30 03:22:55 user_disconnected error: E_VERBNF
2025/12/30 03:22:55 Traceback for player %!s(types.ObjID=187) (connection not found):
2025/12/30 03:22:55   #187 <- #0:user_disconnected (this == #0), line 1:  Verb not found
2025/12/30 03:22:55   #187 <- (End of traceback)
2025/12/30 03:22:55 Connection 89 closed
2025/12/30 03:22:55 New connection from 127.0.0.1:65417 (ID: 90)
2025/12/30 03:22:55 Switched connection 90 from player -90 to 188
2025/12/30 03:22:55 Connection 90 already logged in as player 188 via switch_player
2025/12/30 03:22:55 user_connected error: E_VERBNF
2025/12/30 03:22:55 Connection 90 read error: EOF
2025/12/30 03:22:55 user_disconnected error: E_VERBNF
2025/12/30 03:22:55 Traceback for player %!s(types.ObjID=188) (connection not found):
2025/12/30 03:22:55   #188 <- #0:user_disconnected (this == #0), line 1:  Verb not found
2025/12/30 03:22:55   #188 <- (End of traceback)
2025/12/30 03:22:55 Connection 90 closed
2025/12/30 03:22:55 New connection from 127.0.0.1:65418 (ID: 91)
2025/12/30 03:22:55 Switched connection 91 from player -91 to 189
2025/12/30 03:22:55 Connection 91 already logged in as player 189 via switch_player
2025/12/30 03:22:55 user_connected error: E_VERBNF
2025/12/30 03:22:55 Connection 91 read error: EOF
2025/12/30 03:22:55 user_disconnected error: E_VERBNF
2025/12/30 03:22:55 Traceback for player %!s(types.ObjID=189) (connection not found):
2025/12/30 03:22:55   #189 <- #0:user_disconnected (this == #0), line 1:  Verb not found
2025/12/30 03:22:55   #189 <- (End of traceback)
2025/12/30 03:22:55 Connection 91 closed
2025/12/30 03:22:55 New connection from 127.0.0.1:65419 (ID: 92)
2025/12/30 03:22:55 Switched connection 92 from player -92 to 190
2025/12/30 03:22:55 Connection 92 already logged in as player 190 via switch_player
2025/12/30 03:22:55 user_connected error: E_VERBNF
2025/12/30 03:22:55 Connection 92 read error: EOF
2025/12/30 03:22:55 user_disconnected error: E_VERBNF
2025/12/30 03:22:55 Traceback for player %!s(types.ObjID=190) (connection not found):
2025/12/30 03:22:55   #190 <- #0:user_disconnected (this == #0), line 1:  Verb not found
2025/12/30 03:22:55   #190 <- (End of traceback)
2025/12/30 03:22:55 Connection 92 closed
2025/12/30 03:22:55 New connection from 127.0.0.1:65420 (ID: 93)
2025/12/30 03:22:55 Switched connection 93 from player -93 to 191
2025/12/30 03:22:55 Connection 93 already logged in as player 191 via switch_player
2025/12/30 03:22:55 user_connected error: E_VERBNF
2025/12/30 03:22:55 Connection 93 read error: EOF
2025/12/30 03:22:55 user_disconnected error: E_VERBNF
2025/12/30 03:22:55 Traceback for player %!s(types.ObjID=191) (connection not found):
2025/12/30 03:22:55   #191 <- #0:user_disconnected (this == #0), line 1:  Verb not found
2025/12/30 03:22:55   #191 <- (End of traceback)
2025/12/30 03:22:55 Connection 93 closed
2025/12/30 03:22:55 New connection from 127.0.0.1:65421 (ID: 94)
2025/12/30 03:22:55 Switched connection 94 from player -94 to 192
2025/12/30 03:22:55 Connection 94 already logged in as player 192 via switch_player
2025/12/30 03:22:55 user_connected error: E_VERBNF
2025/12/30 03:22:55 Connection 94 read error: EOF
2025/12/30 03:22:55 user_disconnected error: E_VERBNF
2025/12/30 03:22:55 Traceback for player %!s(types.ObjID=192) (connection not found):
2025/12/30 03:22:55   #192 <- #0:user_disconnected (this == #0), line 1:  Verb not found
2025/12/30 03:22:55   #192 <- (End of traceback)
2025/12/30 03:22:55 Connection 94 closed
2025/12/30 03:22:55 New connection from 127.0.0.1:65422 (ID: 95)
2025/12/30 03:22:55 Switched connection 95 from player -95 to 193
2025/12/30 03:22:55 Connection 95 already logged in as player 193 via switch_player
2025/12/30 03:22:55 user_connected error: E_VERBNF
2025/12/30 03:22:55 Connection 95 read error: EOF
2025/12/30 03:22:55 user_disconnected error: E_VERBNF
2025/12/30 03:22:55 Traceback for player %!s(types.ObjID=193) (connection not found):
2025/12/30 03:22:55   #193 <- #0:user_disconnected (this == #0), line 1:  Verb not found
2025/12/30 03:22:55   #193 <- (End of traceback)
2025/12/30 03:22:55 Connection 95 closed
2025/12/30 03:22:55 New connection from 127.0.0.1:65423 (ID: 96)
2025/12/30 03:22:55 Switched connection 96 from player -96 to 194
2025/12/30 03:22:55 Connection 96 already logged in as player 194 via switch_player
2025/12/30 03:22:55 user_connected error: E_VERBNF
2025/12/30 03:22:55 Connection 96 read error: EOF
2025/12/30 03:22:55 user_disconnected error: E_VERBNF
2025/12/30 03:22:55 Traceback for player %!s(types.ObjID=194) (connection not found):
2025/12/30 03:22:55   #194 <- #0:user_disconnected (this == #0), line 1:  Verb not found
2025/12/30 03:22:55   #194 <- (End of traceback)
2025/12/30 03:22:55 Connection 96 closed
2025/12/30 03:22:55 New connection from 127.0.0.1:65424 (ID: 97)
2025/12/30 03:22:55 Switched connection 97 from player -97 to 195
2025/12/30 03:22:55 Connection 97 already logged in as player 195 via switch_player
2025/12/30 03:22:55 user_connected error: E_VERBNF
2025/12/30 03:22:55 Connection 97 read error: EOF
2025/12/30 03:22:55 user_disconnected error: E_VERBNF
2025/12/30 03:22:55 Traceback for player %!s(types.ObjID=195) (connection not found):
2025/12/30 03:22:55   #195 <- #0:user_disconnected (this == #0), line 1:  Verb not found
2025/12/30 03:22:55   #195 <- (End of traceback)
2025/12/30 03:22:55 Connection 97 closed
2025/12/30 03:22:55 New connection from 127.0.0.1:65425 (ID: 98)
2025/12/30 03:22:55 Switched connection 98 from player -98 to 196
2025/12/30 03:22:55 Connection 98 already logged in as player 196 via switch_player
2025/12/30 03:22:55 user_connected error: E_VERBNF
2025/12/30 03:22:55 Connection 98 read error: EOF
2025/12/30 03:22:55 user_disconnected error: E_VERBNF
2025/12/30 03:22:55 Traceback for player %!s(types.ObjID=196) (connection not found):
2025/12/30 03:22:55   #196 <- #0:user_disconnected (this == #0), line 1:  Verb not found
2025/12/30 03:22:55   #196 <- (End of traceback)
2025/12/30 03:22:55 Connection 98 closed
2025/12/30 03:22:55 New connection from 127.0.0.1:65426 (ID: 99)
2025/12/30 03:22:55 Switched connection 99 from player -99 to 197
2025/12/30 03:22:55 Connection 99 already logged in as player 197 via switch_player
2025/12/30 03:22:55 user_connected error: E_VERBNF
2025/12/30 03:22:55 Connection 99 read error: EOF
2025/12/30 03:22:55 user_disconnected error: E_VERBNF
2025/12/30 03:22:55 Traceback for player %!s(types.ObjID=197) (connection not found):
2025/12/30 03:22:55   #197 <- #0:user_disconnected (this == #0), line 1:  Verb not found
2025/12/30 03:22:55   #197 <- (End of traceback)
2025/12/30 03:22:55 Connection 99 closed
2025/12/30 03:22:55 New connection from 127.0.0.1:65427 (ID: 100)
2025/12/30 03:22:55 Switched connection 100 from player -100 to 198
2025/12/30 03:22:55 Connection 100 already logged in as player 198 via switch_player
2025/12/30 03:22:55 user_connected error: E_VERBNF
2025/12/30 03:22:55 Connection 100 read error: EOF
2025/12/30 03:22:55 user_disconnected error: E_VERBNF
2025/12/30 03:22:55 Traceback for player %!s(types.ObjID=198) (connection not found):
2025/12/30 03:22:55   #198 <- #0:user_disconnected (this == #0), line 1:  Verb not found
2025/12/30 03:22:55   #198 <- (End of traceback)
2025/12/30 03:22:55 Connection 100 closed
2025/12/30 03:22:55 New connection from 127.0.0.1:65428 (ID: 101)
2025/12/30 03:22:55 Switched connection 101 from player -101 to 199
2025/12/30 03:22:55 Connection 101 already logged in as player 199 via switch_player
2025/12/30 03:22:55 user_connected error: E_VERBNF
2025/12/30 03:22:55 Connection 101 read error: EOF
2025/12/30 03:22:55 user_disconnected error: E_VERBNF
2025/12/30 03:22:55 Traceback for player %!s(types.ObjID=199) (connection not found):
2025/12/30 03:22:55   #199 <- #0:user_disconnected (this == #0), line 1:  Verb not found
2025/12/30 03:22:55   #199 <- (End of traceback)
2025/12/30 03:22:55 Connection 101 closed
2025/12/30 03:22:55 New connection from 127.0.0.1:65429 (ID: 102)
2025/12/30 03:22:55 Switched connection 102 from player -102 to 200
2025/12/30 03:22:55 Connection 102 already logged in as player 200 via switch_player
2025/12/30 03:22:55 user_connected error: E_VERBNF
2025/12/30 03:22:55 Connection 102 read error: EOF
2025/12/30 03:22:55 user_disconnected error: E_VERBNF
2025/12/30 03:22:55 Traceback for player %!s(types.ObjID=200) (connection not found):
2025/12/30 03:22:55   #200 <- #0:user_disconnected (this == #0), line 1:  Verb not found
2025/12/30 03:22:55   #200 <- (End of traceback)
2025/12/30 03:22:55 Connection 102 closed
2025/12/30 03:22:55 New connection from 127.0.0.1:65430 (ID: 103)
2025/12/30 03:22:55 Switched connection 103 from player -103 to 201
2025/12/30 03:22:55 Connection 103 already logged in as player 201 via switch_player
2025/12/30 03:22:55 user_connected error: E_VERBNF
2025/12/30 03:22:55 Connection 103 read error: EOF
2025/12/30 03:22:55 user_disconnected error: E_VERBNF
2025/12/30 03:22:55 Traceback for player %!s(types.ObjID=201) (connection not found):
2025/12/30 03:22:55   #201 <- #0:user_disconnected (this == #0), line 1:  Verb not found
2025/12/30 03:22:55   #201 <- (End of traceback)
2025/12/30 03:22:55 Connection 103 closed
2025/12/30 03:22:55 New connection from 127.0.0.1:65431 (ID: 104)
2025/12/30 03:22:55 Switched connection 104 from player -104 to 203
2025/12/30 03:22:55 Connection 104 already logged in as player 203 via switch_player
2025/12/30 03:22:55 user_connected error: E_VERBNF
2025/12/30 03:22:55 Connection 104 read error: EOF
2025/12/30 03:22:55 user_disconnected error: E_VERBNF
2025/12/30 03:22:55 Traceback for player %!s(types.ObjID=203) (connection not found):
2025/12/30 03:22:55   #203 <- #0:user_disconnected (this == #0), line 1:  Verb not found
2025/12/30 03:22:55   #203 <- (End of traceback)
2025/12/30 03:22:55 Connection 104 closed
2025/12/30 03:22:55 New connection from 127.0.0.1:65432 (ID: 105)
2025/12/30 03:22:55 Switched connection 105 from player -105 to 205
2025/12/30 03:22:55 Connection 105 already logged in as player 205 via switch_player
2025/12/30 03:22:55 user_connected error: E_VERBNF
2025/12/30 03:22:55 Connection 105 read error: EOF
2025/12/30 03:22:55 user_disconnected error: E_VERBNF
2025/12/30 03:22:55 Traceback for player %!s(types.ObjID=205) (connection not found):
2025/12/30 03:22:55   #205 <- #0:user_disconnected (this == #0), line 1:  Verb not found
2025/12/30 03:22:55   #205 <- (End of traceback)
2025/12/30 03:22:55 Connection 105 closed
2025/12/30 03:22:55 New connection from 127.0.0.1:65433 (ID: 106)
2025/12/30 03:22:55 Switched connection 106 from player -106 to 206
2025/12/30 03:22:55 Connection 106 already logged in as player 206 via switch_player
2025/12/30 03:22:55 user_connected error: E_VERBNF
2025/12/30 03:22:55 Connection 106 read error: EOF
2025/12/30 03:22:55 user_disconnected error: E_VERBNF
2025/12/30 03:22:55 Traceback for player %!s(types.ObjID=206) (connection not found):
2025/12/30 03:22:55   #206 <- #0:user_disconnected (this == #0), line 1:  Verb not found
2025/12/30 03:22:55   #206 <- (End of traceback)
2025/12/30 03:22:55 Connection 106 closed
2025/12/30 03:22:55 New connection from 127.0.0.1:65434 (ID: 107)
2025/12/30 03:22:55 Switched connection 107 from player -107 to 209
2025/12/30 03:22:55 Connection 107 already logged in as player 209 via switch_player
2025/12/30 03:22:55 user_connected error: E_VERBNF
2025/12/30 03:22:55 Connection 107 read error: EOF
2025/12/30 03:22:55 user_disconnected error: E_VERBNF
2025/12/30 03:22:55 Traceback for player %!s(types.ObjID=209) (connection not found):
2025/12/30 03:22:55   #209 <- #0:user_disconnected (this == #0), line 1:  Verb not found
2025/12/30 03:22:55   #209 <- (End of traceback)
2025/12/30 03:22:55 Connection 107 closed
2025/12/30 03:22:55 New connection from 127.0.0.1:65435 (ID: 108)
2025/12/30 03:22:55 Switched connection 108 from player -108 to 210
2025/12/30 03:22:55 Connection 108 already logged in as player 210 via switch_player
2025/12/30 03:22:55 user_connected error: E_VERBNF
2025/12/30 03:22:55 Connection 108 read error: EOF
2025/12/30 03:22:55 user_disconnected error: E_VERBNF
2025/12/30 03:22:55 Traceback for player %!s(types.ObjID=210) (connection not found):
2025/12/30 03:22:55   #210 <- #0:user_disconnected (this == #0), line 1:  Verb not found
2025/12/30 03:22:55   #210 <- (End of traceback)
2025/12/30 03:22:55 Connection 108 closed
2025/12/30 03:22:55 New connection from 127.0.0.1:65436 (ID: 109)
2025/12/30 03:22:55 Switched connection 109 from player -109 to 211
2025/12/30 03:22:55 Connection 109 already logged in as player 211 via switch_player
2025/12/30 03:22:55 user_connected error: E_VERBNF
2025/12/30 03:22:55 Connection 109 read error: EOF
2025/12/30 03:22:55 user_disconnected error: E_VERBNF
2025/12/30 03:22:55 Traceback for player %!s(types.ObjID=211) (connection not found):
2025/12/30 03:22:55   #211 <- #0:user_disconnected (this == #0), line 1:  Verb not found
2025/12/30 03:22:55   #211 <- (End of traceback)
2025/12/30 03:22:55 Connection 109 closed
2025/12/30 03:22:55 New connection from 127.0.0.1:65437 (ID: 110)
2025/12/30 03:22:55 Switched connection 110 from player -110 to 212
2025/12/30 03:22:55 Connection 110 already logged in as player 212 via switch_player
2025/12/30 03:22:55 user_connected error: E_VERBNF
2025/12/30 03:22:55 Connection 110 read error: EOF
2025/12/30 03:22:55 user_disconnected error: E_VERBNF
2025/12/30 03:22:55 Traceback for player %!s(types.ObjID=212) (connection not found):
2025/12/30 03:22:55   #212 <- #0:user_disconnected (this == #0), line 1:  Verb not found
2025/12/30 03:22:55   #212 <- (End of traceback)
2025/12/30 03:22:55 Connection 110 closed
2025/12/30 03:22:55 New connection from 127.0.0.1:65438 (ID: 111)
2025/12/30 03:22:55 Switched connection 111 from player -111 to 213
2025/12/30 03:22:55 Connection 111 already logged in as player 213 via switch_player
2025/12/30 03:22:55 user_connected error: E_VERBNF
2025/12/30 03:22:55 Connection 111 read error: EOF
2025/12/30 03:22:55 user_disconnected error: E_VERBNF
2025/12/30 03:22:55 Traceback for player %!s(types.ObjID=213) (connection not found):
2025/12/30 03:22:55   #213 <- #0:user_disconnected (this == #0), line 1:  Verb not found
2025/12/30 03:22:55   #213 <- (End of traceback)
2025/12/30 03:22:55 Connection 111 closed
2025/12/30 03:22:55 New connection from 127.0.0.1:65439 (ID: 112)
2025/12/30 03:22:55 Switched connection 112 from player -112 to 215
2025/12/30 03:22:55 Connection 112 already logged in as player 215 via switch_player
2025/12/30 03:22:55 user_connected error: E_VERBNF
2025/12/30 03:22:55 Connection 112 read error: EOF
2025/12/30 03:22:55 user_disconnected error: E_VERBNF
2025/12/30 03:22:55 Traceback for player %!s(types.ObjID=215) (connection not found):
2025/12/30 03:22:55   #215 <- #0:user_disconnected (this == #0), line 1:  Verb not found
2025/12/30 03:22:55   #215 <- (End of traceback)
2025/12/30 03:22:55 Connection 112 closed
2025/12/30 03:22:55 New connection from 127.0.0.1:65440 (ID: 113)
2025/12/30 03:22:55 Switched connection 113 from player -113 to 217
2025/12/30 03:22:55 Connection 113 already logged in as player 217 via switch_player
2025/12/30 03:22:55 user_connected error: E_VERBNF
2025/12/30 03:22:55 Connection 113 read error: EOF
2025/12/30 03:22:55 user_disconnected error: E_VERBNF
2025/12/30 03:22:55 Traceback for player %!s(types.ObjID=217) (connection not found):
2025/12/30 03:22:55   #217 <- #0:user_disconnected (this == #0), line 1:  Verb not found
2025/12/30 03:22:55   #217 <- (End of traceback)
2025/12/30 03:22:55 Connection 113 closed
2025/12/30 03:22:55 New connection from 127.0.0.1:65441 (ID: 114)
2025/12/30 03:22:55 Switched connection 114 from player -114 to 222
2025/12/30 03:22:55 Connection 114 already logged in as player 222 via switch_player
2025/12/30 03:22:55 user_connected error: E_VERBNF
2025/12/30 03:22:55 Connection 114 read error: EOF
2025/12/30 03:22:55 user_disconnected error: E_VERBNF
2025/12/30 03:22:55 Traceback for player %!s(types.ObjID=222) (connection not found):
2025/12/30 03:22:55   #222 <- #0:user_disconnected (this == #0), line 1:  Verb not found
2025/12/30 03:22:55   #222 <- (End of traceback)
2025/12/30 03:22:55 Connection 114 closed
2025/12/30 03:22:55 New connection from 127.0.0.1:65442 (ID: 115)
2025/12/30 03:22:55 Switched connection 115 from player -115 to 230
2025/12/30 03:22:55 Connection 115 already logged in as player 230 via switch_player
2025/12/30 03:22:55 user_connected error: E_VERBNF
2025/12/30 03:22:55 Connection 115 read error: EOF
2025/12/30 03:22:55 user_disconnected error: E_VERBNF
2025/12/30 03:22:55 Traceback for player %!s(types.ObjID=230) (connection not found):
2025/12/30 03:22:55   #230 <- #0:user_disconnected (this == #0), line 1:  Verb not found
2025/12/30 03:22:55   #230 <- (End of traceback)
2025/12/30 03:22:55 Connection 115 closed
2025/12/30 03:22:55 New connection from 127.0.0.1:65443 (ID: 116)
2025/12/30 03:22:55 Switched connection 116 from player -116 to 238
2025/12/30 03:22:55 Connection 116 already logged in as player 238 via switch_player
2025/12/30 03:22:55 user_connected error: E_VERBNF
2025/12/30 03:22:55 Connection 116 read error: EOF
2025/12/30 03:22:55 user_disconnected error: E_VERBNF
2025/12/30 03:22:55 Traceback for player %!s(types.ObjID=238) (connection not found):
2025/12/30 03:22:55   #238 <- #0:user_disconnected (this == #0), line 1:  Verb not found
2025/12/30 03:22:55   #238 <- (End of traceback)
2025/12/30 03:22:55 Connection 116 closed
2025/12/30 03:23:30 New connection from 127.0.0.1:1029 (ID: 117)
2025/12/30 03:23:30 Switched connection 117 from player -117 to 240
2025/12/30 03:23:30 Connection 117 already logged in as player 240 via switch_player
2025/12/30 03:23:30 user_connected error: E_VERBNF
2025/12/30 03:23:30 Connection 117 read error: EOF
2025/12/30 03:23:30 user_disconnected error: E_VERBNF
2025/12/30 03:23:30 Traceback for player %!s(types.ObjID=240) (connection not found):
2025/12/30 03:23:30   #240 <- #0:user_disconnected (this == #0), line 1:  Verb not found
2025/12/30 03:23:30   #240 <- (End of traceback)
2025/12/30 03:23:30 Connection 117 closed
2025/12/30 03:23:37 New connection from 127.0.0.1:58020 (ID: 118)
2025/12/30 03:23:37 Switched connection 118 from player -118 to 241
2025/12/30 03:23:37 Connection 118 already logged in as player 241 via switch_player
2025/12/30 03:23:37 user_connected error: E_VERBNF
2025/12/30 03:23:37 Connection 118 read error: EOF
2025/12/30 03:23:37 user_disconnected error: E_VERBNF
2025/12/30 03:23:37 Traceback for player %!s(types.ObjID=241) (connection not found):
2025/12/30 03:23:37   #241 <- #0:user_disconnected (this == #0), line 1:  Verb not found
2025/12/30 03:23:37   #241 <- (End of traceback)
2025/12/30 03:23:37 Connection 118 closed
2025/12/30 03:23:53 New connection from 127.0.0.1:44382 (ID: 119)
2025/12/30 03:23:53 Switched connection 119 from player -119 to 248
2025/12/30 03:23:53 Connection 119 already logged in as player 248 via switch_player
2025/12/30 03:23:53 user_connected error: E_VERBNF
2025/12/30 03:23:53 Connection 119 read error: EOF
2025/12/30 03:23:53 user_disconnected error: E_VERBNF
2025/12/30 03:23:53 Traceback for player %!s(types.ObjID=248) (connection not found):
2025/12/30 03:23:53   #248 <- #0:user_disconnected (this == #0), line 1:  Verb not found
2025/12/30 03:23:53   #248 <- (End of traceback)
2025/12/30 03:23:53 Connection 119 closed
2025/12/30 03:24:06 New connection from 127.0.0.1:52930 (ID: 120)
2025/12/30 03:24:06 Switched connection 120 from player -120 to 255
2025/12/30 03:24:06 Connection 120 already logged in as player 255 via switch_player
2025/12/30 03:24:06 user_connected error: E_VERBNF
2025/12/30 03:24:06 Connection 120 read error: EOF
2025/12/30 03:24:06 user_disconnected error: E_VERBNF
2025/12/30 03:24:06 Traceback for player %!s(types.ObjID=255) (connection not found):
2025/12/30 03:24:06   #255 <- #0:user_disconnected (this == #0), line 1:  Verb not found
2025/12/30 03:24:06   #255 <- (End of traceback)
2025/12/30 03:24:06 Connection 120 closed
2025/12/30 03:24:21 New connection from 127.0.0.1:16351 (ID: 121)
2025/12/30 03:24:21 Switched connection 121 from player -121 to 262
2025/12/30 03:24:21 Connection 121 already logged in as player 262 via switch_player
2025/12/30 03:24:21 user_connected error: E_VERBNF
2025/12/30 03:24:21 Connection 121 read error: EOF
2025/12/30 03:24:21 user_disconnected error: E_VERBNF
2025/12/30 03:24:21 Traceback for player %!s(types.ObjID=262) (connection not found):
2025/12/30 03:24:21   #262 <- #0:user_disconnected (this == #0), line 1:  Verb not found
2025/12/30 03:24:21   #262 <- (End of traceback)
2025/12/30 03:24:21 Connection 121 closed
2025/12/30 03:24:21 New connection from 127.0.0.1:16353 (ID: 122)
2025/12/30 03:24:21 Switched connection 122 from player -122 to 263
2025/12/30 03:24:21 Connection 122 already logged in as player 263 via switch_player
2025/12/30 03:24:21 user_connected error: E_VERBNF
2025/12/30 03:24:21 Connection 122 read error: EOF
2025/12/30 03:24:21 user_disconnected error: E_VERBNF
2025/12/30 03:24:21 Traceback for player %!s(types.ObjID=263) (connection not found):
2025/12/30 03:24:21   #263 <- #0:user_disconnected (this == #0), line 1:  Verb not found
2025/12/30 03:24:21   #263 <- (End of traceback)
2025/12/30 03:24:21 Connection 122 closed
2025/12/30 03:24:55 New connection from 127.0.0.1:4023 (ID: 123)
2025/12/30 03:24:55 Switched connection 123 from player -123 to 264
2025/12/30 03:24:55 Connection 123 already logged in as player 264 via switch_player
2025/12/30 03:24:55 user_connected error: E_VERBNF
2025/12/30 03:24:55 Connection 123 read error: EOF
2025/12/30 03:24:55 user_disconnected error: E_VERBNF
2025/12/30 03:24:55 Traceback for player %!s(types.ObjID=264) (connection not found):
2025/12/30 03:24:55   #264 <- #0:user_disconnected (this == #0), line 1:  Verb not found
2025/12/30 03:24:55   #264 <- (End of traceback)
2025/12/30 03:24:55 Connection 123 closed
2025/12/30 03:24:55 New connection from 127.0.0.1:4024 (ID: 124)
2025/12/30 03:24:55 Switched connection 124 from player -124 to 265
2025/12/30 03:24:55 Connection 124 already logged in as player 265 via switch_player
2025/12/30 03:24:55 user_connected error: E_VERBNF
2025/12/30 03:24:56 Connection 124 read error: EOF
2025/12/30 03:24:56 user_disconnected error: E_VERBNF
2025/12/30 03:24:56 Traceback for player %!s(types.ObjID=265) (connection not found):
2025/12/30 03:24:56   #265 <- #0:user_disconnected (this == #0), line 1:  Verb not found
2025/12/30 03:24:56   #265 <- (End of traceback)
2025/12/30 03:24:56 Connection 124 closed
2025/12/30 03:25:33 New connection from 127.0.0.1:29733 (ID: 125)
2025/12/30 03:25:33 Switched connection 125 from player -125 to 266
2025/12/30 03:25:33 Connection 125 already logged in as player 266 via switch_player
2025/12/30 03:25:33 user_connected error: E_VERBNF
2025/12/30 03:25:33 Connection 125 read error: EOF
2025/12/30 03:25:33 user_disconnected error: E_VERBNF
2025/12/30 03:25:33 Traceback for player %!s(types.ObjID=266) (connection not found):
2025/12/30 03:25:33   #266 <- #0:user_disconnected (this == #0), line 1:  Verb not found
2025/12/30 03:25:33   #266 <- (End of traceback)
2025/12/30 03:25:33 Connection 125 closed
2025/12/30 03:25:34 New connection from 127.0.0.1:29735 (ID: 126)
2025/12/30 03:25:34 Switched connection 126 from player -126 to 267
2025/12/30 03:25:34 Connection 126 already logged in as player 267 via switch_player
2025/12/30 03:25:34 user_connected error: E_VERBNF
2025/12/30 03:25:34 Connection 126 read error: EOF
2025/12/30 03:25:34 user_disconnected error: E_VERBNF
2025/12/30 03:25:34 Traceback for player %!s(types.ObjID=267) (connection not found):
2025/12/30 03:25:34   #267 <- #0:user_disconnected (this == #0), line 1:  Verb not found
2025/12/30 03:25:34   #267 <- (End of traceback)
2025/12/30 03:25:34 Connection 126 closed
2025/12/30 03:25:44 New connection from 127.0.0.1:25341 (ID: 127)
2025/12/30 03:25:44 Switched connection 127 from player -127 to 269
2025/12/30 03:25:44 Connection 127 already logged in as player 269 via switch_player
2025/12/30 03:25:44 user_connected error: E_VERBNF
2025/12/30 03:25:44 Connection 127 read error: EOF
2025/12/30 03:25:44 user_disconnected error: E_VERBNF
2025/12/30 03:25:44 Traceback for player %!s(types.ObjID=269) (connection not found):
2025/12/30 03:25:44   #269 <- #0:user_disconnected (this == #0), line 1:  Verb not found
2025/12/30 03:25:44   #269 <- (End of traceback)
2025/12/30 03:25:44 Connection 127 closed
2025/12/30 03:26:04 New connection from 127.0.0.1:44908 (ID: 128)
2025/12/30 03:26:04 Switched connection 128 from player -128 to 270
2025/12/30 03:26:04 Connection 128 already logged in as player 270 via switch_player
2025/12/30 03:26:04 user_connected error: E_VERBNF
2025/12/30 03:26:04 Connection 128 read error: EOF
2025/12/30 03:26:04 user_disconnected error: E_VERBNF
2025/12/30 03:26:04 Traceback for player %!s(types.ObjID=270) (connection not found):
2025/12/30 03:26:04   #270 <- #0:user_disconnected (this == #0), line 1:  Verb not found
2025/12/30 03:26:04   #270 <- (End of traceback)
2025/12/30 03:26:04 Connection 128 closed
2025/12/30 03:26:31 New connection from 127.0.0.1:52969 (ID: 129)
2025/12/30 03:26:31 Switched connection 129 from player -129 to 271
2025/12/30 03:26:31 Connection 129 already logged in as player 271 via switch_player
2025/12/30 03:26:31 user_connected error: E_VERBNF
2025/12/30 03:26:31 Connection 129 read error: EOF
2025/12/30 03:26:31 user_disconnected error: E_VERBNF
2025/12/30 03:26:31 Traceback for player %!s(types.ObjID=271) (connection not found):
2025/12/30 03:26:31   #271 <- #0:user_disconnected (this == #0), line 1:  Verb not found
2025/12/30 03:26:31   #271 <- (End of traceback)
2025/12/30 03:26:31 Connection 129 closed
2025/12/30 03:26:55 New connection from 127.0.0.1:15763 (ID: 130)
2025/12/30 03:26:55 Switched connection 130 from player -130 to 272
2025/12/30 03:26:55 Connection 130 already logged in as player 272 via switch_player
2025/12/30 03:26:55 user_connected error: E_VERBNF
2025/12/30 03:26:55 Connection 130 read error: EOF
2025/12/30 03:26:55 user_disconnected error: E_VERBNF
2025/12/30 03:26:55 Traceback for player %!s(types.ObjID=272) (connection not found):
2025/12/30 03:26:55   #272 <- #0:user_disconnected (this == #0), line 1:  Verb not found
2025/12/30 03:26:55   #272 <- (End of traceback)
2025/12/30 03:26:55 Connection 130 closed
2025/12/30 03:27:01 New connection from 127.0.0.1:25622 (ID: 131)
2025/12/30 03:27:01 Switched connection 131 from player -131 to 274
2025/12/30 03:27:01 Connection 131 already logged in as player 274 via switch_player
2025/12/30 03:27:01 user_connected error: E_VERBNF
2025/12/30 03:27:01 Connection 131 read error: EOF
2025/12/30 03:27:01 user_disconnected error: E_VERBNF
2025/12/30 03:27:01 Traceback for player %!s(types.ObjID=274) (connection not found):
2025/12/30 03:27:01   #274 <- #0:user_disconnected (this == #0), line 1:  Verb not found
2025/12/30 03:27:01   #274 <- (End of traceback)
2025/12/30 03:27:01 Connection 131 closed
